..............................................................           [100%]
=================================== PASSES ====================================
___________ test_execution_api_creates_uploads_and_exposes_history ____________
---------------------------- Captured stderr call -----------------------------
{"timestamp": "2026-09-22T17:16:00.173224+00:00", "event": "execution_start", "execution_id": "20260922_141600", "project_id": "demo", "duration": 0, "uploaded_files": [], "status": "pending", "exception": null}
{"timestamp": "2026-09-22T17:16:00.208575+00:00", "event": "execution_start", "execution_id": "20260922_141600", "project_id": "demo", "duration": 0, "uploaded_files": ["input.csv"], "status": "running", "exception": null}
{"timestamp": "2026-09-22T17:16:00.233234+00:00", "event": "execution_success", "execution_id": "20260922_141600", "project_id": "demo", "duration": 0.2, "uploaded_files": ["input.csv"], "outputs": ["result.xlsx"], "status": "success", "exception": null}
------------------------------ Captured log call ------------------------------
INFO     mello_bot:logger.py:43 {"timestamp": "2026-09-22T17:16:00.173224+00:00", "event": "execution_start", "execution_id": "20260922_141600", "project_id": "demo", "duration": 0, "uploaded_files": [], "status": "pending", "exception": null}
INFO     mello_bot:logger.py:43 {"timestamp": "2026-09-22T17:16:00.208575+00:00", "event": "execution_start", "execution_id": "20260922_141600", "project_id": "demo", "duration": 0, "uploaded_files": ["input.csv"], "status": "running", "exception": null}
INFO     mello_bot:logger.py:43 {"timestamp": "2026-09-22T17:16:00.233234+00:00", "event": "execution_success", "execution_id": "20260922_141600", "project_id": "demo", "duration": 0.2, "uploaded_files": ["input.csv"], "outputs": ["result.xlsx"], "status": "success", "exception": null}
__________________ test_designer_accepts_injected_ai_service __________________
---------------------------- Captured stderr call -----------------------------
{"timestamp": "2026-09-22T17:16:00.257816+00:00", "event": "automation_requested", "prompt": "Recebo diariamente um relat¾rio FS10N exportado do SAP e um relat¾rio de Billing.", "status": "unknown", "duration": 0, "exception": null, "execution_id": null, "project_id": null}
{"timestamp": "2026-09-22T17:16:00.258213+00:00", "event": "automation_analyzed", "project_id": "conciliacao_fs10n_billing", "complexity": "media", "viability": "Viavel como scaffold inicial; confirme os argumentos CLI, colunas obrigatorias e regras de conciliacao antes da execucao.", "status": "unknown", "duration": 0, "exception": null, "execution_id": null}
------------------------------ Captured log call ------------------------------
INFO     mello_bot:logger.py:43 {"timestamp": "2026-09-22T17:16:00.257816+00:00", "event": "automation_requested", "prompt": "Recebo diariamente um relat¾rio FS10N exportado do SAP e um relat¾rio de Billing.", "status": "unknown", "duration": 0, "exception": null, "execution_id": null, "project_id": null}
INFO     mello_bot:logger.py:43 {"timestamp": "2026-09-22T17:16:00.258213+00:00", "event": "automation_analyzed", "project_id": "conciliacao_fs10n_billing", "complexity": "media", "viability": "Viavel como scaffold inicial; confirme os argumentos CLI, colunas obrigatorias e regras de conciliacao antes da execucao.", "status": "unknown", "duration": 0, "exception": null, "execution_id": null}
___________________ test_designer_generates_valid_manifest ____________________
---------------------------- Captured stderr call -----------------------------
{"timestamp": "2026-09-22T17:16:00.262089+00:00", "event": "automation_requested", "prompt": "Recebo diariamente um relat¾rio FS10N exportado do SAP e um relat¾rio de Billing.", "status": "unknown", "duration": 0, "exception": null, "execution_id": null, "project_id": null}
{"timestamp": "2026-09-22T17:16:00.262495+00:00", "event": "automation_analyzed", "project_id": "conciliacao_fs10n_billing", "complexity": "media", "viability": "Viavel como scaffold inicial; confirme os argumentos CLI, colunas obrigatorias e regras de conciliacao antes da execucao.", "status": "unknown", "duration": 0, "exception": null, "execution_id": null}
{"timestamp": "2026-09-22T17:16:00.264500+00:00", "event": "manifest_generated", "project_id": "conciliacao_fs10n_billing", "outputs": ["conciliacao.xlsx", "divergencias.xlsx"], "status": "unknown", "duration": 0, "exception": null, "execution_id": null}
------------------------------ Captured log call ------------------------------
INFO     mello_bot:logger.py:43 {"timestamp": "2026-09-22T17:16:00.262089+00:00", "event": "automation_requested", "prompt": "Recebo diariamente um relat¾rio FS10N exportado do SAP e um relat¾rio de Billing.", "status": "unknown", "duration": 0, "exception": null, "execution_id": null, "project_id": null}
INFO     mello_bot:logger.py:43 {"timestamp": "2026-09-22T17:16:00.262495+00:00", "event": "automation_analyzed", "project_id": "conciliacao_fs10n_billing", "complexity": "media", "viability": "Viavel como scaffold inicial; confirme os argumentos CLI, colunas obrigatorias e regras de conciliacao antes da execucao.", "status": "unknown", "duration": 0, "exception": null, "execution_id": null}
INFO     mello_bot:logger.py:43 {"timestamp": "2026-09-22T17:16:00.264500+00:00", "event": "manifest_generated", "project_id": "conciliacao_fs10n_billing", "outputs": ["conciliacao.xlsx", "divergencias.xlsx"], "status": "unknown", "duration": 0, "exception": null, "execution_id": null}
_________ test_designer_creates_project_artifacts_and_executable_main _________
---------------------------- Captured stderr call -----------------------------
{"timestamp": "2026-09-22T17:16:00.273282+00:00", "event": "automation_requested", "prompt": "Recebo diariamente um relat¾rio FS10N exportado do SAP e um relat¾rio de Billing.", "status": "unknown", "duration": 0, "exception": null, "execution_id": null, "project_id": null}
{"timestamp": "2026-09-22T17:16:00.273754+00:00", "event": "automation_analyzed", "project_id": "conciliacao_fs10n_billing", "complexity": "media", "viability": "Viavel como scaffold inicial; confirme os argumentos CLI, colunas obrigatorias e regras de conciliacao antes da execucao.", "status": "unknown", "duration": 0, "exception": null, "execution_id": null}
{"timestamp": "2026-09-22T17:16:00.287545+00:00", "event": "manifest_published", "project_id": "conciliacao_fs10n_billing", "source_manifest": "C:\\Users\\feborges\\AppData\\Local\\Temp\\1\\pytest-of-feborges\\pytest-37\\test_designer_creates_project_0\\projects\\conciliacao_fs10n_billing\\manifest.yaml", "published_manifest": "C:\\dev\\mello_bot\\manifests\\conciliacao_fs10n_billing.yaml", "status": "unknown", "duration": 0, "exception": null, "execution_id": null}
{"timestamp": "2026-09-22T17:16:00.287827+00:00", "event": "manifest_generated", "project_id": "conciliacao_fs10n_billing", "outputs": ["conciliacao.xlsx", "divergencias.xlsx"], "status": "unknown", "duration": 0, "exception": null, "execution_id": null}
{"timestamp": "2026-09-22T17:16:00.287945+00:00", "event": "project_created", "project_id": "conciliacao_fs10n_billing", "project_path": "C:\\Users\\feborges\\AppData\\Local\\Temp\\1\\pytest-of-feborges\\pytest-37\\test_designer_creates_project_0\\projects\\conciliacao_fs10n_billing", "status": "unknown", "duration": 0, "exception": null, "execution_id": null}
------------------------------ Captured log call ------------------------------
INFO     mello_bot:logger.py:43 {"timestamp": "2026-09-22T17:16:00.273282+00:00", "event": "automation_requested", "prompt": "Recebo diariamente um relat¾rio FS10N exportado do SAP e um relat¾rio de Billing.", "status": "unknown", "duration": 0, "exception": null, "execution_id": null, "project_id": null}
INFO     mello_bot:logger.py:43 {"timestamp": "2026-09-22T17:16:00.273754+00:00", "event": "automation_analyzed", "project_id": "conciliacao_fs10n_billing", "complexity": "media", "viability": "Viavel como scaffold inicial; confirme os argumentos CLI, colunas obrigatorias e regras de conciliacao antes da execucao.", "status": "unknown", "duration": 0, "exception": null, "execution_id": null}
INFO     mello_bot:logger.py:43 {"timestamp": "2026-09-22T17:16:00.287545+00:00", "event": "manifest_published", "project_id": "conciliacao_fs10n_billing", "source_manifest": "C:\\Users\\feborges\\AppData\\Local\\Temp\\1\\pytest-of-feborges\\pytest-37\\test_designer_creates_project_0\\projects\\conciliacao_fs10n_billing\\manifest.yaml", "published_manifest": "C:\\dev\\mello_bot\\manifests\\conciliacao_fs10n_billing.yaml", "status": "unknown", "duration": 0, "exception": null, "execution_id": null}
INFO     mello_bot:logger.py:43 {"timestamp": "2026-09-22T17:16:00.287827+00:00", "event": "manifest_generated", "project_id": "conciliacao_fs10n_billing", "outputs": ["conciliacao.xlsx", "divergencias.xlsx"], "status": "unknown", "duration": 0, "exception": null, "execution_id": null}
INFO     mello_bot:logger.py:43 {"timestamp": "2026-09-22T17:16:00.287945+00:00", "event": "project_created", "project_id": "conciliacao_fs10n_billing", "project_path": "C:\\Users\\feborges\\AppData\\Local\\Temp\\1\\pytest-of-feborges\\pytest-37\\test_designer_creates_project_0\\projects\\conciliacao_fs10n_billing", "status": "unknown", "duration": 0, "exception": null, "execution_id": null}
_______ test_designer_publishes_manifest_and_registry_discovers_project _______
---------------------------- Captured stderr call -----------------------------
{"timestamp": "2026-09-22T17:16:03.454028+00:00", "event": "automation_requested", "prompt": "Recebo diariamente um relat¾rio FS10N exportado do SAP e um relat¾rio de Billing.", "status": "unknown", "duration": 0, "exception": null, "execution_id": null, "project_id": null}
{"timestamp": "2026-09-22T17:16:03.454640+00:00", "event": "automation_analyzed", "project_id": "conciliacao_fs10n_billing", "complexity": "media", "viability": "Viavel como scaffold inicial; confirme os argumentos CLI, colunas obrigatorias e regras de conciliacao antes da execucao.", "status": "unknown", "duration": 0, "exception": null, "execution_id": null}
{"timestamp": "2026-09-22T17:16:03.469450+00:00", "event": "manifest_published", "project_id": "conciliacao_fs10n_billing", "source_manifest": "C:\\Users\\feborges\\AppData\\Local\\Temp\\1\\pytest-of-feborges\\pytest-37\\test_designer_publishes_manife0\\projects\\conciliacao_fs10n_billing\\manifest.yaml", "published_manifest": "C:\\Users\\feborges\\AppData\\Local\\Temp\\1\\pytest-of-feborges\\pytest-37\\test_designer_publishes_manife0\\manifests\\conciliacao_fs10n_billing.yaml", "status": "unknown", "duration": 0, "exception": null, "execution_id": null}
{"timestamp": "2026-09-22T17:16:03.469906+00:00", "event": "manifest_generated", "project_id": "conciliacao_fs10n_billing", "outputs": ["conciliacao.xlsx", "divergencias.xlsx"], "status": "unknown", "duration": 0, "exception": null, "execution_id": null}
{"timestamp": "2026-09-22T17:16:03.470069+00:00", "event": "project_created", "project_id": "conciliacao_fs10n_billing", "project_path": "C:\\Users\\feborges\\AppData\\Local\\Temp\\1\\pytest-of-feborges\\pytest-37\\test_designer_publishes_manife0\\projects\\conciliacao_fs10n_billing", "status": "unknown", "duration": 0, "exception": null, "execution_id": null}
------------------------------ Captured log call ------------------------------
INFO     mello_bot:logger.py:43 {"timestamp": "2026-09-22T17:16:03.454028+00:00", "event": "automation_requested", "prompt": "Recebo diariamente um relat¾rio FS10N exportado do SAP e um relat¾rio de Billing.", "status": "unknown", "duration": 0, "exception": null, "execution_id": null, "project_id": null}
INFO     mello_bot:logger.py:43 {"timestamp": "2026-09-22T17:16:03.454640+00:00", "event": "automation_analyzed", "project_id": "conciliacao_fs10n_billing", "complexity": "media", "viability": "Viavel como scaffold inicial; confirme os argumentos CLI, colunas obrigatorias e regras de conciliacao antes da execucao.", "status": "unknown", "duration": 0, "exception": null, "execution_id": null}
INFO     mello_bot:logger.py:43 {"timestamp": "2026-09-22T17:16:03.469450+00:00", "event": "manifest_published", "project_id": "conciliacao_fs10n_billing", "source_manifest": "C:\\Users\\feborges\\AppData\\Local\\Temp\\1\\pytest-of-feborges\\pytest-37\\test_designer_publishes_manife0\\projects\\conciliacao_fs10n_billing\\manifest.yaml", "published_manifest": "C:\\Users\\feborges\\AppData\\Local\\Temp\\1\\pytest-of-feborges\\pytest-37\\test_designer_publishes_manife0\\manifests\\conciliacao_fs10n_billing.yaml", "status": "unknown", "duration": 0, "exception": null, "execution_id": null}
INFO     mello_bot:logger.py:43 {"timestamp": "2026-09-22T17:16:03.469906+00:00", "event": "manifest_generated", "project_id": "conciliacao_fs10n_billing", "outputs": ["conciliacao.xlsx", "divergencias.xlsx"], "status": "unknown", "duration": 0, "exception": null, "execution_id": null}
INFO     mello_bot:logger.py:43 {"timestamp": "2026-09-22T17:16:03.470069+00:00", "event": "project_created", "project_id": "conciliacao_fs10n_billing", "project_path": "C:\\Users\\feborges\\AppData\\Local\\Temp\\1\\pytest-of-feborges\\pytest-37\\test_designer_publishes_manife0\\projects\\conciliacao_fs10n_billing", "status": "unknown", "duration": 0, "exception": null, "execution_id": null}
___________________ test_designer_selects_pattern_templates ___________________
---------------------------- Captured stderr call -----------------------------
{"timestamp": "2026-09-22T17:16:03.484837+00:00", "event": "automation_requested", "prompt": "Comparar contas a pagar e contas a receber 0", "status": "unknown", "duration": 0, "exception": null, "execution_id": null, "project_id": null}
{"timestamp": "2026-09-22T17:16:03.485251+00:00", "event": "automation_analyzed", "project_id": "conciliacao_contas_pagar_receber", "complexity": "media", "viability": "Viavel como scaffold inicial; confirme os argumentos CLI, colunas obrigatorias e regras de conciliacao antes da execucao.", "status": "unknown", "duration": 0, "exception": null, "execution_id": null}
{"timestamp": "2026-09-22T17:16:03.498773+00:00", "event": "manifest_published", "project_id": "conciliacao_contas_pagar_receber", "source_manifest": "C:\\Users\\feborges\\AppData\\Local\\Temp\\1\\pytest-of-feborges\\pytest-37\\test_designer_selects_pattern_0\\projects\\conciliacao_contas_pagar_receber\\manifest.yaml", "published_manifest": "C:\\dev\\mello_bot\\manifests\\conciliacao_contas_pagar_receber.yaml", "status": "unknown", "duration": 0, "exception": null, "execution_id": null}
{"timestamp": "2026-09-22T17:16:03.499116+00:00", "event": "manifest_generated", "project_id": "conciliacao_contas_pagar_receber", "outputs": ["conciliacao.xlsx", "divergencias.xlsx"], "status": "unknown", "duration": 0, "exception": null, "execution_id": null}
{"timestamp": "2026-09-22T17:16:03.499272+00:00", "event": "project_created", "project_id": "conciliacao_contas_pagar_receber", "project_path": "C:\\Users\\feborges\\AppData\\Local\\Temp\\1\\pytest-of-feborges\\pytest-37\\test_designer_selects_pattern_0\\projects\\conciliacao_contas_pagar_receber", "status": "unknown", "duration": 0, "exception": null, "execution_id": null}
{"timestamp": "2026-09-22T17:16:03.501276+00:00", "event": "automation_requested", "prompt": "Consolidar os arquivos mensais de vendas 1", "status": "unknown", "duration": 0, "exception": null, "execution_id": null, "project_id": null}
{"timestamp": "2026-09-22T17:16:03.501607+00:00", "event": "automation_analyzed", "project_id": "consolidacao_dados", "complexity": "baixa", "viability": "Viavel como scaffold inicial; confirme os argumentos CLI, colunas obrigatorias e regras de conciliacao antes da execucao.", "status": "unknown", "duration": 0, "exception": null, "execution_id": null}
{"timestamp": "2026-09-22T17:16:03.512995+00:00", "event": "manifest_published", "project_id": "consolidacao_dados", "source_manifest": "C:\\Users\\feborges\\AppData\\Local\\Temp\\1\\pytest-of-feborges\\pytest-37\\test_designer_selects_pattern_0\\projects\\consolidacao_dados\\manifest.yaml", "published_manifest": "C:\\dev\\mello_bot\\manifests\\consolidacao_dados.yaml", "status": "unknown", "duration": 0, "exception": null, "execution_id": null}
{"timestamp": "2026-09-22T17:16:03.513319+00:00", "event": "manifest_generated", "project_id": "consolidacao_dados", "outputs": ["consolidado.xlsx"], "status": "unknown", "duration": 0, "exception": null, "execution_id": null}
{"timestamp": "2026-09-22T17:16:03.513486+00:00", "event": "project_created", "project_id": "consolidacao_dados", "project_path": "C:\\Users\\feborges\\AppData\\Local\\Temp\\1\\pytest-of-feborges\\pytest-37\\test_designer_selects_pattern_0\\projects\\consolidacao_dados", "status": "unknown", "duration": 0, "exception": null, "execution_id": null}
{"timestamp": "2026-09-22T17:16:03.517257+00:00", "event": "automation_requested", "prompt": "Classificar uma base de antifraude e identificar risco 2", "status": "unknown", "duration": 0, "exception": null, "execution_id": null, "project_id": null}
{"timestamp": "2026-09-22T17:16:03.517602+00:00", "event": "automation_analyzed", "project_id": "antifraude", "complexity": "baixa", "viability": "Viavel como scaffold inicial; confirme os argumentos CLI, colunas obrigatorias e regras de conciliacao antes da execucao.", "status": "unknown", "duration": 0, "exception": null, "execution_id": null}
{"timestamp": "2026-09-22T17:16:03.528781+00:00", "event": "manifest_published", "project_id": "antifraude", "source_manifest": "C:\\Users\\feborges\\AppData\\Local\\Temp\\1\\pytest-of-feborges\\pytest-37\\test_designer_selects_pattern_0\\projects\\antifraude\\manifest.yaml", "published_manifest": "C:\\dev\\mello_bot\\manifests\\antifraude.yaml", "status": "unknown", "duration": 0, "exception": null, "execution_id": null}
{"timestamp": "2026-09-22T17:16:03.529252+00:00", "event": "manifest_generated", "project_id": "antifraude", "outputs": ["resultado.xlsx"], "status": "unknown", "duration": 0, "exception": null, "execution_id": null}
{"timestamp": "2026-09-22T17:16:03.529518+00:00", "event": "project_created", "project_id": "antifraude", "project_path": "C:\\Users\\feborges\\AppData\\Local\\Temp\\1\\pytest-of-feborges\\pytest-37\\test_designer_selects_pattern_0\\projects\\antifraude", "status": "unknown", "duration": 0, "exception": null, "execution_id": null}
{"timestamp": "2026-09-22T17:16:03.532027+00:00", "event": "automation_requested", "prompt": "Preparar um dataset para Power BI 3", "status": "unknown", "duration": 0, "exception": null, "execution_id": null, "project_id": null}
{"timestamp": "2026-09-22T17:16:03.532490+00:00", "event": "automation_analyzed", "project_id": "dataset_power_bi", "complexity": "baixa", "viability": "Viavel como scaffold inicial; confirme os argumentos CLI, colunas obrigatorias e regras de conciliacao antes da execucao.", "status": "unknown", "duration": 0, "exception": null, "execution_id": null}
{"timestamp": "2026-09-22T17:16:03.543045+00:00", "event": "manifest_published", "project_id": "dataset_power_bi", "source_manifest": "C:\\Users\\feborges\\AppData\\Local\\Temp\\1\\pytest-of-feborges\\pytest-37\\test_designer_selects_pattern_0\\projects\\dataset_power_bi\\manifest.yaml", "published_manifest": "C:\\dev\\mello_bot\\manifests\\dataset_power_bi.yaml", "status": "unknown", "duration": 0, "exception": null, "execution_id": null}
{"timestamp": "2026-09-22T17:16:03.543338+00:00", "event": "manifest_generated", "project_id": "dataset_power_bi", "outputs": ["dataset.csv"], "status": "unknown", "duration": 0, "exception": null, "execution_id": null}
{"timestamp": "2026-09-22T17:16:03.543477+00:00", "event": "project_created", "project_id": "dataset_power_bi", "project_path": "C:\\Users\\feborges\\AppData\\Local\\Temp\\1\\pytest-of-feborges\\pytest-37\\test_designer_selects_pattern_0\\projects\\dataset_power_bi", "status": "unknown", "duration": 0, "exception": null, "execution_id": null}
{"timestamp": "2026-09-22T17:16:03.546431+00:00", "event": "automation_requested", "prompt": "Validar registros de clientes 4", "status": "unknown", "duration": 0, "exception": null, "execution_id": null, "project_id": null}
{"timestamp": "2026-09-22T17:16:03.546962+00:00", "event": "automation_analyzed", "project_id": "automacao", "complexity": "baixa", "viability": "Viavel como scaffold inicial; confirme os argumentos CLI, colunas obrigatorias e regras de conciliacao antes da execucao.", "status": "unknown", "duration": 0, "exception": null, "execution_id": null}
{"timestamp": "2026-09-22T17:16:03.560470+00:00", "event": "manifest_published", "project_id": "automacao", "source_manifest": "C:\\Users\\feborges\\AppData\\Local\\Temp\\1\\pytest-of-feborges\\pytest-37\\test_designer_selects_pattern_0\\projects\\automacao\\manifest.yaml", "published_manifest": "C:\\dev\\mello_bot\\manifests\\automacao.yaml", "status": "unknown", "duration": 0, "exception": null, "execution_id": null}
{"timestamp": "2026-09-22T17:16:03.560802+00:00", "event": "manifest_generated", "project_id": "automacao", "outputs": ["resultado.xlsx"], "status": "unknown", "duration": 0, "exception": null, "execution_id": null}
{"timestamp": "2026-09-22T17:16:03.560932+00:00", "event": "project_created", "project_id": "automacao", "project_path": "C:\\Users\\feborges\\AppData\\Local\\Temp\\1\\pytest-of-feborges\\pytest-37\\test_designer_selects_pattern_0\\projects\\automacao", "status": "unknown", "duration": 0, "exception": null, "execution_id": null}
{"timestamp": "2026-09-22T17:16:03.568238+00:00", "event": "automation_requested", "prompt": "Executar uma automacao simples 5", "status": "unknown", "duration": 0, "exception": null, "execution_id": null, "project_id": null}
{"timestamp": "2026-09-22T17:16:03.568786+00:00", "event": "automation_analyzed", "project_id": "automacao", "complexity": "baixa", "viability": "Viavel como scaffold inicial; confirme os argumentos CLI, colunas obrigatorias e regras de conciliacao antes da execucao.", "status": "unknown", "duration": 0, "exception": null, "execution_id": null}
{"timestamp": "2026-09-22T17:16:03.578152+00:00", "event": "manifest_published", "project_id": "automacao", "source_manifest": "C:\\Users\\feborges\\AppData\\Local\\Temp\\1\\pytest-of-feborges\\pytest-37\\test_designer_selects_pattern_0\\projects\\automacao\\manifest.yaml", "published_manifest": "C:\\dev\\mello_bot\\manifests\\automacao.yaml", "status": "unknown", "duration": 0, "exception": null, "execution_id": null}
{"timestamp": "2026-09-22T17:16:03.578975+00:00", "event": "manifest_generated", "project_id": "automacao", "outputs": ["resultado.xlsx"], "status": "unknown", "duration": 0, "exception": null, "execution_id": null}
{"timestamp": "2026-09-22T17:16:03.579166+00:00", "event": "project_created", "project_id": "automacao", "project_path": "C:\\Users\\feborges\\AppData\\Local\\Temp\\1\\pytest-of-feborges\\pytest-37\\test_designer_selects_pattern_0\\projects\\automacao", "status": "unknown", "duration": 0, "exception": null, "execution_id": null}
------------------------------ Captured log call ------------------------------
INFO     mello_bot:logger.py:43 {"timestamp": "2026-09-22T17:16:03.484837+00:00", "event": "automation_requested", "prompt": "Comparar contas a pagar e contas a receber 0", "status": "unknown", "duration": 0, "exception": null, "execution_id": null, "project_id": null}
INFO     mello_bot:logger.py:43 {"timestamp": "2026-09-22T17:16:03.485251+00:00", "event": "automation_analyzed", "project_id": "conciliacao_contas_pagar_receber", "complexity": "media", "viability": "Viavel como scaffold inicial; confirme os argumentos CLI, colunas obrigatorias e regras de conciliacao antes da execucao.", "status": "unknown", "duration": 0, "exception": null, "execution_id": null}
INFO     mello_bot:logger.py:43 {"timestamp": "2026-09-22T17:16:03.498773+00:00", "event": "manifest_published", "project_id": "conciliacao_contas_pagar_receber", "source_manifest": "C:\\Users\\feborges\\AppData\\Local\\Temp\\1\\pytest-of-feborges\\pytest-37\\test_designer_selects_pattern_0\\projects\\conciliacao_contas_pagar_receber\\manifest.yaml", "published_manifest": "C:\\dev\\mello_bot\\manifests\\conciliacao_contas_pagar_receber.yaml", "status": "unknown", "duration": 0, "exception": null, "execution_id": null}
INFO     mello_bot:logger.py:43 {"timestamp": "2026-09-22T17:16:03.499116+00:00", "event": "manifest_generated", "project_id": "conciliacao_contas_pagar_receber", "outputs": ["conciliacao.xlsx", "divergencias.xlsx"], "status": "unknown", "duration": 0, "exception": null, "execution_id": null}
INFO     mello_bot:logger.py:43 {"timestamp": "2026-09-22T17:16:03.499272+00:00", "event": "project_created", "project_id": "conciliacao_contas_pagar_receber", "project_path": "C:\\Users\\feborges\\AppData\\Local\\Temp\\1\\pytest-of-feborges\\pytest-37\\test_designer_selects_pattern_0\\projects\\conciliacao_contas_pagar_receber", "status": "unknown", "duration": 0, "exception": null, "execution_id": null}
INFO     mello_bot:logger.py:43 {"timestamp": "2026-09-22T17:16:03.501276+00:00", "event": "automation_requested", "prompt": "Consolidar os arquivos mensais de vendas 1", "status": "unknown", "duration": 0, "exception": null, "execution_id": null, "project_id": null}
INFO     mello_bot:logger.py:43 {"timestamp": "2026-09-22T17:16:03.501607+00:00", "event": "automation_analyzed", "project_id": "consolidacao_dados", "complexity": "baixa", "viability": "Viavel como scaffold inicial; confirme os argumentos CLI, colunas obrigatorias e regras de conciliacao antes da execucao.", "status": "unknown", "duration": 0, "exception": null, "execution_id": null}
INFO     mello_bot:logger.py:43 {"timestamp": "2026-09-22T17:16:03.512995+00:00", "event": "manifest_published", "project_id": "consolidacao_dados", "source_manifest": "C:\\Users\\feborges\\AppData\\Local\\Temp\\1\\pytest-of-feborges\\pytest-37\\test_designer_selects_pattern_0\\projects\\consolidacao_dados\\manifest.yaml", "published_manifest": "C:\\dev\\mello_bot\\manifests\\consolidacao_dados.yaml", "status": "unknown", "duration": 0, "exception": null, "execution_id": null}
INFO     mello_bot:logger.py:43 {"timestamp": "2026-09-22T17:16:03.513319+00:00", "event": "manifest_generated", "project_id": "consolidacao_dados", "outputs": ["consolidado.xlsx"], "status": "unknown", "duration": 0, "exception": null, "execution_id": null}
INFO     mello_bot:logger.py:43 {"timestamp": "2026-09-22T17:16:03.513486+00:00", "event": "project_created", "project_id": "consolidacao_dados", "project_path": "C:\\Users\\feborges\\AppData\\Local\\Temp\\1\\pytest-of-feborges\\pytest-37\\test_designer_selects_pattern_0\\projects\\consolidacao_dados", "status": "unknown", "duration": 0, "exception": null, "execution_id": null}
INFO     mello_bot:logger.py:43 {"timestamp": "2026-09-22T17:16:03.517257+00:00", "event": "automation_requested", "prompt": "Classificar uma base de antifraude e identificar risco 2", "status": "unknown", "duration": 0, "exception": null, "execution_id": null, "project_id": null}
INFO     mello_bot:logger.py:43 {"timestamp": "2026-09-22T17:16:03.517602+00:00", "event": "automation_analyzed", "project_id": "antifraude", "complexity": "baixa", "viability": "Viavel como scaffold inicial; confirme os argumentos CLI, colunas obrigatorias e regras de conciliacao antes da execucao.", "status": "unknown", "duration": 0, "exception": null, "execution_id": null}
INFO     mello_bot:logger.py:43 {"timestamp": "2026-09-22T17:16:03.528781+00:00", "event": "manifest_published", "project_id": "antifraude", "source_manifest": "C:\\Users\\feborges\\AppData\\Local\\Temp\\1\\pytest-of-feborges\\pytest-37\\test_designer_selects_pattern_0\\projects\\antifraude\\manifest.yaml", "published_manifest": "C:\\dev\\mello_bot\\manifests\\antifraude.yaml", "status": "unknown", "duration": 0, "exception": null, "execution_id": null}
INFO     mello_bot:logger.py:43 {"timestamp": "2026-09-22T17:16:03.529252+00:00", "event": "manifest_generated", "project_id": "antifraude", "outputs": ["resultado.xlsx"], "status": "unknown", "duration": 0, "exception": null, "execution_id": null}
INFO     mello_bot:logger.py:43 {"timestamp": "2026-09-22T17:16:03.529518+00:00", "event": "project_created", "project_id": "antifraude", "project_path": "C:\\Users\\feborges\\AppData\\Local\\Temp\\1\\pytest-of-feborges\\pytest-37\\test_designer_selects_pattern_0\\projects\\antifraude", "status": "unknown", "duration": 0, "exception": null, "execution_id": null}
INFO     mello_bot:logger.py:43 {"timestamp": "2026-09-22T17:16:03.532027+00:00", "event": "automation_requested", "prompt": "Preparar um dataset para Power BI 3", "status": "unknown", "duration": 0, "exception": null, "execution_id": null, "project_id": null}
INFO     mello_bot:logger.py:43 {"timestamp": "2026-09-22T17:16:03.532490+00:00", "event": "automation_analyzed", "project_id": "dataset_power_bi", "complexity": "baixa", "viability": "Viavel como scaffold inicial; confirme os argumentos CLI, colunas obrigatorias e regras de conciliacao antes da execucao.", "status": "unknown", "duration": 0, "exception": null, "execution_id": null}
INFO     mello_bot:logger.py:43 {"timestamp": "2026-09-22T17:16:03.543045+00:00", "event": "manifest_published", "project_id": "dataset_power_bi", "source_manifest": "C:\\Users\\feborges\\AppData\\Local\\Temp\\1\\pytest-of-feborges\\pytest-37\\test_designer_selects_pattern_0\\projects\\dataset_power_bi\\manifest.yaml", "published_manifest": "C:\\dev\\mello_bot\\manifests\\dataset_power_bi.yaml", "status": "unknown", "duration": 0, "exception": null, "execution_id": null}
INFO     mello_bot:logger.py:43 {"timestamp": "2026-09-22T17:16:03.543338+00:00", "event": "manifest_generated", "project_id": "dataset_power_bi", "outputs": ["dataset.csv"], "status": "unknown", "duration": 0, "exception": null, "execution_id": null}
INFO     mello_bot:logger.py:43 {"timestamp": "2026-09-22T17:16:03.543477+00:00", "event": "project_created", "project_id": "dataset_power_bi", "project_path": "C:\\Users\\feborges\\AppData\\Local\\Temp\\1\\pytest-of-feborges\\pytest-37\\test_designer_selects_pattern_0\\projects\\dataset_power_bi", "status": "unknown", "duration": 0, "exception": null, "execution_id": null}
INFO     mello_bot:logger.py:43 {"timestamp": "2026-09-22T17:16:03.546431+00:00", "event": "automation_requested", "prompt": "Validar registros de clientes 4", "status": "unknown", "duration": 0, "exception": null, "execution_id": null, "project_id": null}
INFO     mello_bot:logger.py:43 {"timestamp": "2026-09-22T17:16:03.546962+00:00", "event": "automation_analyzed", "project_id": "automacao", "complexity": "baixa", "viability": "Viavel como scaffold inicial; confirme os argumentos CLI, colunas obrigatorias e regras de conciliacao antes da execucao.", "status": "unknown", "duration": 0, "exception": null, "execution_id": null}
INFO     mello_bot:logger.py:43 {"timestamp": "2026-09-22T17:16:03.560470+00:00", "event": "manifest_published", "project_id": "automacao", "source_manifest": "C:\\Users\\feborges\\AppData\\Local\\Temp\\1\\pytest-of-feborges\\pytest-37\\test_designer_selects_pattern_0\\projects\\automacao\\manifest.yaml", "published_manifest": "C:\\dev\\mello_bot\\manifests\\automacao.yaml", "status": "unknown", "duration": 0, "exception": null, "execution_id": null}
INFO     mello_bot:logger.py:43 {"timestamp": "2026-09-22T17:16:03.560802+00:00", "event": "manifest_generated", "project_id": "automacao", "outputs": ["resultado.xlsx"], "status": "unknown", "duration": 0, "exception": null, "execution_id": null}
INFO     mello_bot:logger.py:43 {"timestamp": "2026-09-22T17:16:03.560932+00:00", "event": "project_created", "project_id": "automacao", "project_path": "C:\\Users\\feborges\\AppData\\Local\\Temp\\1\\pytest-of-feborges\\pytest-37\\test_designer_selects_pattern_0\\projects\\automacao", "status": "unknown", "duration": 0, "exception": null, "execution_id": null}
INFO     mello_bot:logger.py:43 {"timestamp": "2026-09-22T17:16:03.568238+00:00", "event": "automation_requested", "prompt": "Executar uma automacao simples 5", "status": "unknown", "duration": 0, "exception": null, "execution_id": null, "project_id": null}
INFO     mello_bot:logger.py:43 {"timestamp": "2026-09-22T17:16:03.568786+00:00", "event": "automation_analyzed", "project_id": "automacao", "complexity": "baixa", "viability": "Viavel como scaffold inicial; confirme os argumentos CLI, colunas obrigatorias e regras de conciliacao antes da execucao.", "status": "unknown", "duration": 0, "exception": null, "execution_id": null}
INFO     mello_bot:logger.py:43 {"timestamp": "2026-09-22T17:16:03.578152+00:00", "event": "manifest_published", "project_id": "automacao", "source_manifest": "C:\\Users\\feborges\\AppData\\Local\\Temp\\1\\pytest-of-feborges\\pytest-37\\test_designer_selects_pattern_0\\projects\\automacao\\manifest.yaml", "published_manifest": "C:\\dev\\mello_bot\\manifests\\automacao.yaml", "status": "unknown", "duration": 0, "exception": null, "execution_id": null}
INFO     mello_bot:logger.py:43 {"timestamp": "2026-09-22T17:16:03.578975+00:00", "event": "manifest_generated", "project_id": "automacao", "outputs": ["resultado.xlsx"], "status": "unknown", "duration": 0, "exception": null, "execution_id": null}
INFO     mello_bot:logger.py:43 {"timestamp": "2026-09-22T17:16:03.579166+00:00", "event": "project_created", "project_id": "automacao", "project_path": "C:\\Users\\feborges\\AppData\\Local\\Temp\\1\\pytest-of-feborges\\pytest-37\\test_designer_selects_pattern_0\\projects\\automacao", "status": "unknown", "duration": 0, "exception": null, "execution_id": null}
_________________ test_ai_endpoints_return_expected_contract __________________
---------------------------- Captured stderr call -----------------------------
{"timestamp": "2026-09-22T17:16:03.588062+00:00", "event": "automation_requested", "prompt": "Recebo diariamente um relat¾rio FS10N exportado do SAP e um relat¾rio de Billing.", "status": "unknown", "duration": 0, "exception": null, "execution_id": null, "project_id": null}
{"timestamp": "2026-09-22T17:16:03.588556+00:00", "event": "automation_analyzed", "project_id": "conciliacao_fs10n_billing", "complexity": "media", "viability": "Viavel como scaffold inicial; confirme os argumentos CLI, colunas obrigatorias e regras de conciliacao antes da execucao.", "status": "unknown", "duration": 0, "exception": null, "execution_id": null}
{"timestamp": "2026-09-22T17:16:03.588763+00:00", "event": "automation_requested", "prompt": "Recebo diariamente um relat¾rio FS10N exportado do SAP e um relat¾rio de Billing.", "status": "unknown", "duration": 0, "exception": null, "execution_id": null, "project_id": null}
{"timestamp": "2026-09-22T17:16:03.589078+00:00", "event": "automation_analyzed", "project_id": "conciliacao_fs10n_billing", "complexity": "media", "viability": "Viavel como scaffold inicial; confirme os argumentos CLI, colunas obrigatorias e regras de conciliacao antes da execucao.", "status": "unknown", "duration": 0, "exception": null, "execution_id": null}
{"timestamp": "2026-09-22T17:16:03.590678+00:00", "event": "manifest_generated", "project_id": "conciliacao_fs10n_billing", "outputs": ["conciliacao.xlsx", "divergencias.xlsx"], "status": "unknown", "duration": 0, "exception": null, "execution_id": null}
{"timestamp": "2026-09-22T17:16:03.590845+00:00", "event": "automation_requested", "prompt": "Recebo diariamente um relat¾rio FS10N exportado do SAP e um relat¾rio de Billing.", "status": "unknown", "duration": 0, "exception": null, "execution_id": null, "project_id": null}
{"timestamp": "2026-09-22T17:16:03.591128+00:00", "event": "automation_analyzed", "project_id": "conciliacao_fs10n_billing", "complexity": "media", "viability": "Viavel como scaffold inicial; confirme os argumentos CLI, colunas obrigatorias e regras de conciliacao antes da execucao.", "status": "unknown", "duration": 0, "exception": null, "execution_id": null}
{"timestamp": "2026-09-22T17:16:03.604682+00:00", "event": "manifest_published", "project_id": "conciliacao_fs10n_billing", "source_manifest": "C:\\Users\\feborges\\AppData\\Local\\Temp\\1\\pytest-of-feborges\\pytest-37\\test_ai_endpoints_return_expec0\\projects\\conciliacao_fs10n_billing\\manifest.yaml", "published_manifest": "C:\\dev\\mello_bot\\manifests\\conciliacao_fs10n_billing.yaml", "status": "unknown", "duration": 0, "exception": null, "execution_id": null}
{"timestamp": "2026-09-22T17:16:03.605019+00:00", "event": "manifest_generated", "project_id": "conciliacao_fs10n_billing", "outputs": ["conciliacao.xlsx", "divergencias.xlsx"], "status": "unknown", "duration": 0, "exception": null, "execution_id": null}
{"timestamp": "2026-09-22T17:16:03.605140+00:00", "event": "project_created", "project_id": "conciliacao_fs10n_billing", "project_path": "C:\\Users\\feborges\\AppData\\Local\\Temp\\1\\pytest-of-feborges\\pytest-37\\test_ai_endpoints_return_expec0\\projects\\conciliacao_fs10n_billing", "status": "unknown", "duration": 0, "exception": null, "execution_id": null}
------------------------------ Captured log call ------------------------------
INFO     mello_bot:logger.py:43 {"timestamp": "2026-09-22T17:16:03.588062+00:00", "event": "automation_requested", "prompt": "Recebo diariamente um relat¾rio FS10N exportado do SAP e um relat¾rio de Billing.", "status": "unknown", "duration": 0, "exception": null, "execution_id": null, "project_id": null}
INFO     mello_bot:logger.py:43 {"timestamp": "2026-09-22T17:16:03.588556+00:00", "event": "automation_analyzed", "project_id": "conciliacao_fs10n_billing", "complexity": "media", "viability": "Viavel como scaffold inicial; confirme os argumentos CLI, colunas obrigatorias e regras de conciliacao antes da execucao.", "status": "unknown", "duration": 0, "exception": null, "execution_id": null}
INFO     mello_bot:logger.py:43 {"timestamp": "2026-09-22T17:16:03.588763+00:00", "event": "automation_requested", "prompt": "Recebo diariamente um relat¾rio FS10N exportado do SAP e um relat¾rio de Billing.", "status": "unknown", "duration": 0, "exception": null, "execution_id": null, "project_id": null}
INFO     mello_bot:logger.py:43 {"timestamp": "2026-09-22T17:16:03.589078+00:00", "event": "automation_analyzed", "project_id": "conciliacao_fs10n_billing", "complexity": "media", "viability": "Viavel como scaffold inicial; confirme os argumentos CLI, colunas obrigatorias e regras de conciliacao antes da execucao.", "status": "unknown", "duration": 0, "exception": null, "execution_id": null}
INFO     mello_bot:logger.py:43 {"timestamp": "2026-09-22T17:16:03.590678+00:00", "event": "manifest_generated", "project_id": "conciliacao_fs10n_billing", "outputs": ["conciliacao.xlsx", "divergencias.xlsx"], "status": "unknown", "duration": 0, "exception": null, "execution_id": null}
INFO     mello_bot:logger.py:43 {"timestamp": "2026-09-22T17:16:03.590845+00:00", "event": "automation_requested", "prompt": "Recebo diariamente um relat¾rio FS10N exportado do SAP e um relat¾rio de Billing.", "status": "unknown", "duration": 0, "exception": null, "execution_id": null, "project_id": null}
INFO     mello_bot:logger.py:43 {"timestamp": "2026-09-22T17:16:03.591128+00:00", "event": "automation_analyzed", "project_id": "conciliacao_fs10n_billing", "complexity": "media", "viability": "Viavel como scaffold inicial; confirme os argumentos CLI, colunas obrigatorias e regras de conciliacao antes da execucao.", "status": "unknown", "duration": 0, "exception": null, "execution_id": null}
INFO     mello_bot:logger.py:43 {"timestamp": "2026-09-22T17:16:03.604682+00:00", "event": "manifest_published", "project_id": "conciliacao_fs10n_billing", "source_manifest": "C:\\Users\\feborges\\AppData\\Local\\Temp\\1\\pytest-of-feborges\\pytest-37\\test_ai_endpoints_return_expec0\\projects\\conciliacao_fs10n_billing\\manifest.yaml", "published_manifest": "C:\\dev\\mello_bot\\manifests\\conciliacao_fs10n_billing.yaml", "status": "unknown", "duration": 0, "exception": null, "execution_id": null}
INFO     mello_bot:logger.py:43 {"timestamp": "2026-09-22T17:16:03.605019+00:00", "event": "manifest_generated", "project_id": "conciliacao_fs10n_billing", "outputs": ["conciliacao.xlsx", "divergencias.xlsx"], "status": "unknown", "duration": 0, "exception": null, "execution_id": null}
INFO     mello_bot:logger.py:43 {"timestamp": "2026-09-22T17:16:03.605140+00:00", "event": "project_created", "project_id": "conciliacao_fs10n_billing", "project_path": "C:\\Users\\feborges\\AppData\\Local\\Temp\\1\\pytest-of-feborges\\pytest-37\\test_ai_endpoints_return_expec0\\projects\\conciliacao_fs10n_billing", "status": "unknown", "duration": 0, "exception": null, "execution_id": null}
___________ test_execution_lifecycle_updates_state_and_stages_files ___________
---------------------------- Captured stderr call -----------------------------
{"timestamp": "2026-09-22T17:16:03.819656+00:00", "event": "execution_start", "execution_id": "20260922_141603", "project_id": "demo", "duration": 0, "uploaded_files": [], "status": "pending", "exception": null}
{"timestamp": "2026-09-22T17:16:03.847437+00:00", "event": "execution_start", "execution_id": "20260922_141603", "project_id": "demo", "duration": 0, "uploaded_files": ["input.csv"], "status": "running", "exception": null}
{"timestamp": "2026-09-22T17:16:03.870221+00:00", "event": "execution_success", "execution_id": "20260922_141603", "project_id": "demo", "duration": 0.1, "uploaded_files": ["input.csv"], "outputs": [], "status": "success", "exception": null}
------------------------------ Captured log call ------------------------------
INFO     mello_bot:logger.py:43 {"timestamp": "2026-09-22T17:16:03.819656+00:00", "event": "execution_start", "execution_id": "20260922_141603", "project_id": "demo", "duration": 0, "uploaded_files": [], "status": "pending", "exception": null}
INFO     mello_bot:logger.py:43 {"timestamp": "2026-09-22T17:16:03.847437+00:00", "event": "execution_start", "execution_id": "20260922_141603", "project_id": "demo", "duration": 0, "uploaded_files": ["input.csv"], "status": "running", "exception": null}
INFO     mello_bot:logger.py:43 {"timestamp": "2026-09-22T17:16:03.870221+00:00", "event": "execution_success", "execution_id": "20260922_141603", "project_id": "demo", "duration": 0.1, "uploaded_files": ["input.csv"], "outputs": [], "status": "success", "exception": null}
_______________________ test_run_returns_success_result _______________________
---------------------------- Captured stderr call -----------------------------
{"timestamp": "2026-09-22T17:16:03.884673+00:00", "event": "execution_start", "execution_id": null, "project_id": "demo", "duration": 0, "uploaded_files": ["input"], "status": "running", "timeout_seconds": "<MagicMock name='mock.timeout_seconds' id='2035506903568'>", "exception": null}
{"timestamp": "2026-09-22T17:16:03.885459+00:00", "event": "execution_success", "execution_id": null, "project_id": "demo", "duration": 0, "uploaded_files": ["input"], "outputs": [], "status": "success", "exception": null}
------------------------------ Captured log call ------------------------------
INFO     mello_bot:logger.py:43 {"timestamp": "2026-09-22T17:16:03.884673+00:00", "event": "execution_start", "execution_id": null, "project_id": "demo", "duration": 0, "uploaded_files": ["input"], "status": "running", "timeout_seconds": "<MagicMock name='mock.timeout_seconds' id='2035506903568'>", "exception": null}
INFO     mello_bot:logger.py:43 {"timestamp": "2026-09-22T17:16:03.885459+00:00", "event": "execution_success", "execution_id": null, "project_id": "demo", "duration": 0, "uploaded_files": ["input"], "outputs": [], "status": "success", "exception": null}
_____________ test_run_returns_failed_result_with_process_output ______________
---------------------------- Captured stderr call -----------------------------
{"timestamp": "2026-09-22T17:16:03.893047+00:00", "event": "execution_start", "execution_id": null, "project_id": "demo", "duration": 0, "uploaded_files": ["input"], "status": "running", "timeout_seconds": "<MagicMock name='mock.timeout_seconds' id='2035527984400'>", "exception": null}
{"timestamp": "2026-09-22T17:16:03.893798+00:00", "event": "execution_failure", "execution_id": null, "project_id": "demo", "duration": 0, "uploaded_files": ["input"], "outputs": [], "exception": "\nSTDOUT:\nstdout error\n\nSTDERR:\nstderr error\n", "status": "failed"}
------------------------------ Captured log call ------------------------------
INFO     mello_bot:logger.py:43 {"timestamp": "2026-09-22T17:16:03.893047+00:00", "event": "execution_start", "execution_id": null, "project_id": "demo", "duration": 0, "uploaded_files": ["input"], "status": "running", "timeout_seconds": "<MagicMock name='mock.timeout_seconds' id='2035527984400'>", "exception": null}
INFO     mello_bot:logger.py:43 {"timestamp": "2026-09-22T17:16:03.893798+00:00", "event": "execution_failure", "execution_id": null, "project_id": "demo", "duration": 0, "uploaded_files": ["input"], "outputs": [], "exception": "\nSTDOUT:\nstdout error\n\nSTDERR:\nstderr error\n", "status": "failed"}
__________________ test_executor_reports_missing_input_file ___________________
---------------------------- Captured stderr call -----------------------------
{"timestamp": "2026-09-22T17:16:03.950037+00:00", "event": "execution_start", "execution_id": null, "project_id": "broken", "duration": 0, "uploaded_files": ["input"], "status": "running", "timeout_seconds": 1800, "exception": null}
------------------------------ Captured log call ------------------------------
INFO     mello_bot:logger.py:43 {"timestamp": "2026-09-22T17:16:03.950037+00:00", "event": "execution_start", "execution_id": null, "project_id": "broken", "duration": 0, "uploaded_files": ["input"], "status": "running", "timeout_seconds": 1800, "exception": null}
________________ test_executor_raises_timeout_execution_error _________________
---------------------------- Captured stderr call -----------------------------
{"timestamp": "2026-09-22T17:16:03.957768+00:00", "event": "execution_start", "execution_id": null, "project_id": "demo", "duration": 0, "uploaded_files": ["input"], "status": "running", "timeout_seconds": 1, "exception": null}
{"timestamp": "2026-09-22T17:16:03.958243+00:00", "event": "execution_failure", "execution_id": null, "project_id": "demo", "duration": 0, "uploaded_files": ["input"], "outputs": [], "exception": "ExecuþÒo do projeto 'demo' excedeu o timeout de 1 segundos.", "status": "timeout"}
------------------------------ Captured log call ------------------------------
INFO     mello_bot:logger.py:43 {"timestamp": "2026-09-22T17:16:03.957768+00:00", "event": "execution_start", "execution_id": null, "project_id": "demo", "duration": 0, "uploaded_files": ["input"], "status": "running", "timeout_seconds": 1, "exception": null}
INFO     mello_bot:logger.py:43 {"timestamp": "2026-09-22T17:16:03.958243+00:00", "event": "execution_failure", "execution_id": null, "project_id": "demo", "duration": 0, "uploaded_files": ["input"], "outputs": [], "exception": "ExecuþÒo do projeto 'demo' excedeu o timeout de 1 segundos.", "status": "timeout"}
=========================== short test summary info ===========================
PASSED tests/test_api_executions.py::test_execution_api_creates_uploads_and_exposes_history
PASSED tests/test_automation_designer.py::test_mock_ai_service_returns_structured_analysis
PASSED tests/test_automation_designer.py::test_sap_report_aliases_use_financial_xlsx_defaults
PASSED tests/test_automation_designer.py::test_billing_and_prefeitura_remain_distinct_sources
PASSED tests/test_automation_designer.py::test_file_entities_separate_zsd008_by_month
PASSED tests/test_automation_designer.py::test_file_entities_separate_fbl5n_by_status
PASSED tests/test_automation_designer.py::test_file_entities_separate_fs10n_by_period
PASSED tests/test_automation_designer.py::test_mock_ai_service_recognizes_accounts_payable_and_receivable
PASSED tests/test_automation_designer.py::test_mock_ai_service_recognizes_consolidation
PASSED tests/test_automation_designer.py::test_mock_ai_service_recognizes_power_bi_dataset
PASSED tests/test_automation_designer.py::test_mock_ai_service_keeps_generic_fallback_without_context
PASSED tests/test_automation_designer.py::test_designer_accepts_injected_ai_service
PASSED tests/test_automation_designer.py::test_designer_generates_valid_manifest
PASSED tests/test_automation_designer.py::test_designer_creates_project_artifacts_and_executable_main
PASSED tests/test_automation_designer.py::test_designer_publishes_manifest_and_registry_discovers_project
PASSED tests/test_automation_designer.py::test_designer_selects_pattern_templates
PASSED tests/test_automation_designer.py::test_ai_endpoints_return_expected_contract
PASSED tests/test_document_engine.py::test_catalog_matches_documents_without_exposing_source_as_identity
PASSED tests/test_document_engine.py::test_document_matcher_uses_document_aliases
PASSED tests/test_document_engine.py::test_analysis_manifest_uses_document_ids_for_required_files
PASSED tests/test_document_engine.py::test_fbl5n_reconciliation_project_uses_document_family
PASSED tests/test_execution_logger.py::test_save_execution_result_writes_standard_observability_fields
PASSED tests/test_execution_logger.py::test_save_accepts_dictionary_payload
PASSED tests/test_execution_logger.py::test_create_execution_id_has_expected_format
PASSED tests/test_execution_repository.py::test_sqlite_repository_persists_and_orders_executions
PASSED tests/test_execution_repository.py::test_sqlite_repository_migrates_json_logs
PASSED tests/test_execution_repository.py::test_json_repository_keeps_existing_file_contract
PASSED tests/test_execution_service.py::test_execution_lifecycle_updates_state_and_stages_files
PASSED tests/test_executor.py::test_run_returns_success_result
PASSED tests/test_executor.py::test_run_returns_failed_result_with_process_output
PASSED tests/test_executor.py::test_run_raises_when_entrypoint_does_not_exist
PASSED tests/test_hardening.py::test_empty_csv_is_reported_clearly
PASSED tests/test_hardening.py::test_csv_without_columns_is_rejected
PASSED tests/test_hardening.py::test_corrupted_xlsx_is_rejected
PASSED tests/test_hardening.py::test_invalid_manifest_reports_file_location
PASSED tests/test_hardening.py::test_output_validator_reports_declared_output_not_generated
PASSED tests/test_hardening.py::test_executor_reports_missing_entrypoint
PASSED tests/test_hardening.py::test_executor_reports_missing_input_file
PASSED tests/test_health_and_timeout.py::test_executor_raises_timeout_execution_error
PASSED tests/test_health_and_timeout.py::test_health_service_reports_detailed_status
PASSED tests/test_identifier.py::test_identify_matches_file_definition
PASSED tests/test_identifier.py::test_identify_returns_no_match_when_no_projects_have_columns
PASSED tests/test_manifest_generator.py::test_extract_columns_from_csv
PASSED tests/test_manifest_generator.py::test_build_validate_and_serialize_manifest
PASSED tests/test_manifest_generator.py::test_save_does_not_overwrite_existing_manifest
PASSED tests/test_manifest_generator.py::test_xls_extension_is_preserved_in_manifest
PASSED tests/test_manifest_generator.py::test_suggest_builds_manifest_fields_from_file_structure
PASSED tests/test_manifest_loader.py::test_load_manifest_returns_typed_manifest
PASSED tests/test_manifest_loader.py::test_load_manifest_raises_for_unknown_project
PASSED tests/test_orchestrator.py::test_list_projects_returns_loaded_manifests
PASSED tests/test_orchestrator.py::test_get_project_raises_domain_error_for_unknown_project
PASSED tests/test_orchestrator.py::test_build_project_files_uses_manifest_extensions
PASSED tests/test_orchestrator.py::test_run_project_maps_executes_validates_and_logs
PASSED tests/test_output_validator.py::test_validate_reports_found_and_missing_outputs
PASSED tests/test_output_validator.py::test_validate_returns_valid_when_all_outputs_exist
PASSED tests/test_project_deletion.py::test_delete_project_removes_manifest_versions_and_project_folder
PASSED tests/test_project_deletion.py::test_delete_project_rejects_repository_root
PASSED tests/test_project_scaffolder.py::test_create_generates_project_structure
PASSED tests/test_template_engine.py::test_generated_etl_runs_and_creates_output
PASSED tests/test_validator.py::test_validate_csv_columns_and_normalization
PASSED tests/test_validator.py::test_validate_xlsx_reports_missing_columns
PASSED tests/test_validator.py::test_validate_rejects_unsupported_extension
62 passed in 9.59s
